
> temp_app@0.1.0 build
> next build

▲ Next.js 16.1.1 (Turbopack)

  Creating an optimized production build ...

> Build error occurred
Error: Turbopack build failed with 3 errors:
./src/app/providers.tsx:5:1
Module not found: Can't resolve '@studio-freight/react-lenis'
[0m [90m 3 |[39m [36mimport[39m { [33mAudioProvider[39m } [36mfrom[39m [32m'@/context/AudioContext'[39m[33m;[39m
 [90m 4 |[39m [90m// @ts-expect-error[39m
[31m[1m>[22m[39m[90m 5 |[39m [36mimport[39m { [33mReactLenis[39m } [36mfrom[39m [32m'@studio-freight/react-lenis'[39m[33m;[39m
 [90m   |[39m [31m[1m^[22m[39m[31m[1m^[22m[39m[31m[1m^[22m[39m[31m[1m^[22m[39m[31m[1m^[22m[39m[31m[1m^[22m[39m[31m[1m^[22m[39m[31m[1m^[22m[39m[31m[1m^[22m[39m[31m[1m^[22m[39m[31m[1m^[22m[39m[31m[1m^[22m[39m[31m[1m^[22m[39m[31m[1m^[22m[39m[31m[1m^[22m[39m[31m[1m^[22m[39m[31m[1m^[22m[39m[31m[1m^[22m[39m[31m[1m^[22m[39m[31m[1m^[22m[39m[31m[1m^[22m[39m[31m[1m^[22m[39m[31m[1m^[22m[39m[31m[1m^[22m[39m[31m[1m^[22m[39m[31m[1m^[22m[39m[31m[1m^[22m[39m[31m[1m^[22m[39m[31m[1m^[22m[39m[31m[1m^[22m[39m[31m[1m^[22m[39m[31m[1m^[22m[39m[31m[1m^[22m[39m[31m[1m^[22m[39m[31m[1m^[22m[39m[31m[1m^[22m[39m[31m[1m^[22m[39m[31m[1m^[22m[39m[31m[1m^[22m[39m[31m[1m^[22m[39m[31m[1m^[22m[39m[31m[1m^[22m[39m[31m[1m^[22m[39m[31m[1m^[22m[39m[31m[1m^[22m[39m[31m[1m^[22m[39m[31m[1m^[22m[39m[31m[1m^[22m[39m[31m[1m^[22m[39m[31m[1m^[22m[39m[31m[1m^[22m[39m[31m[1m^[22m[39m[31m[1m^[22m[39m[31m[1m^[22m[39m[31m[1m^[22m[39m[31m[1m^[22m[39m[31m[1m^[22m[39m
 [90m 6 |[39m
 [90m 7 |[39m [36mexport[39m [36mfunction[39m [33mProviders[39m({ children }[33m:[39m { children[33m:[39m [33mReact[39m[33m.[39m[33mReactNode[39m }) {
 [90m 8 |[39m     [36mreturn[39m ([0m



Import trace:
  Server Component:
    ./src/app/providers.tsx
    ./src/app/layout.tsx

https://nextjs.org/docs/messages/module-not-found


./src/components/Discography.tsx:6:1
Module not found: Can't resolve 'framer-motion'
[0m [90m 4 |[39m [36mimport[39m { [33mTRACKS[39m } [36mfrom[39m [32m'@/lib/data'[39m[33m;[39m
 [90m 5 |[39m [36mimport[39m { [33mPlay[39m[33m,[39m [33mPause[39m } [36mfrom[39m [32m'lucide-react'[39m[33m;[39m
[31m[1m>[22m[39m[90m 6 |[39m [36mimport[39m { motion } [36mfrom[39m [32m'framer-motion'[39m[33m;[39m
 [90m   |[39m [31m[1m^[22m[39m[31m[1m^[22m[39m[31m[1m^[22m[39m[31m[1m^[22m[39m[31m[1m^[22m[39m[31m[1m^[22m[39m[31m[1m^[22m[39m[31m[1m^[22m[39m[31m[1m^[22m[39m[31m[1m^[22m[39m[31m[1m^[22m[39m[31m[1m^[22m[39m[31m[1m^[22m[39m[31m[1m^[22m[39m[31m[1m^[22m[39m[31m[1m^[22m[39m[31m[1m^[22m[39m[31m[1m^[22m[39m[31m[1m^[22m[39m[31m[1m^[22m[39m[31m[1m^[22m[39m[31m[1m^[22m[39m[31m[1m^[22m[39m[31m[1m^[22m[39m[31m[1m^[22m[39m[31m[1m^[22m[39m[31m[1m^[22m[39m[31m[1m^[22m[39m[31m[1m^[22m[39m[31m[1m^[22m[39m[31m[1m^[22m[39m[31m[1m^[22m[39m[31m[1m^[22m[39m[31m[1m^[22m[39m[31m[1m^[22m[39m[31m[1m^[22m[39m[31m[1m^[22m[39m[31m[1m^[22m[39m[31m[1m^[22m[39m
 [90m 7 |[39m
 [90m 8 |[39m [36mexport[39m [36mdefault[39m [36mfunction[39m [33mDiscography[39m() {
 [90m 9 |[39m     [36mconst[39m { playTrack[33m,[39m currentTrack[33m,[39m isPlaying } [33m=[39m useAudio()[33m;[39m[0m



Import trace:
  Server Component:
    ./src/components/Discography.tsx
    ./src/app/page.tsx

https://nextjs.org/docs/messages/module-not-found


./src/components/Discography.tsx:5:1
Module not found: Can't resolve 'lucide-react'
[0m [90m 3 |[39m [36mimport[39m { useAudio } [36mfrom[39m [32m'@/context/AudioContext'[39m[33m;[39m
 [90m 4 |[39m [36mimport[39m { [33mTRACKS[39m } [36mfrom[39m [32m'@/lib/data'[39m[33m;[39m
[31m[1m>[22m[39m[90m 5 |[39m [36mimport[39m { [33mPlay[39m[33m,[39m [33mPause[39m } [36mfrom[39m [32m'lucide-react'[39m[33m;[39m
 [90m   |[39m [31m[1m^[22m[39m[31m[1m^[22m[39m[31m[1m^[22m[39m[31m[1m^[22m[39m[31m[1m^[22m[39m[31m[1m^[22m[39m[31m[1m^[22m[39m[31m[1m^[22m[39m[31m[1m^[22m[39m[31m[1m^[22m[39m[31m[1m^[22m[39m[31m[1m^[22m[39m[31m[1m^[22m[39m[31m[1m^[22m[39m[31m[1m^[22m[39m[31m[1m^[22m[39m[31m[1m^[22m[39m[31m[1m^[22m[39m[31m[1m^[22m[39m[31m[1m^[22m[39m[31m[1m^[22m[39m[31m[1m^[22m[39m[31m[1m^[22m[39m[31m[1m^[22m[39m[31m[1m^[22m[39m[31m[1m^[22m[39m[31m[1m^[22m[39m[31m[1m^[22m[39m[31m[1m^[22m[39m[31m[1m^[22m[39m[31m[1m^[22m[39m[31m[1m^[22m[39m[31m[1m^[22m[39m[31m[1m^[22m[39m[31m[1m^[22m[39m[31m[1m^[22m[39m[31m[1m^[22m[39m[31m[1m^[22m[39m[31m[1m^[22m[39m[31m[1m^[22m[39m[31m[1m^[22m[39m[31m[1m^[22m[39m[31m[1m^[22m[39m
 [90m 6 |[39m [36mimport[39m { motion } [36mfrom[39m [32m'framer-motion'[39m[33m;[39m
 [90m 7 |[39m
 [90m 8 |[39m [36mexport[39m [36mdefault[39m [36mfunction[39m [33mDiscography[39m() {[0m



Import trace:
  Server Component:
    ./src/components/Discography.tsx
    ./src/app/page.tsx

https://nextjs.org/docs/messages/module-not-found


    at <unknown> (./src/app/providers.tsx:5:1)
    at <unknown> (https://nextjs.org/docs/messages/module-not-found)
    at <unknown> (./src/components/Discography.tsx:6:1)
    at <unknown> (https://nextjs.org/docs/messages/module-not-found)
    at <unknown> (./src/components/Discography.tsx:5:1)
    at <unknown> (https://nextjs.org/docs/messages/module-not-found)
